#  Begin template file for mini-map coloring.
#This file defines severals areas on the Europe map.
#Each line not starting with # is an area.
#The number of symbols in front of the name is the depth of the area.
#    DO NOT CHANGE IT !!!
#Areas of depth k+1 are actually sub-areas of the current area of depth k.
#Simply indicate the color you want for the area of depth k, and all its
#sub-areas will get the same color.


#Simply indicate the color after the name of the area.
#Eg:   ++England: Red

# Colors definitions.
# You can add your own here. Colors are given in RGB (percentages).

definecolor clearwater [0.95 0.95 1]
definecolor white [1.0 1.0 1.0]
definecolor black [0.0 0.0 0.0]

definecolor ANG [1 0 0]
definecolor ANGlight [1 0.5 0.5]
definecolor AUS [1 1 0]
definecolor AUSlight [1 1 0.5]
definecolor FRA [0 0 1]
definecolor FRAlight [0.2 0.8 1]
definecolor HIS [1 0.75 0]
definecolor HISlight [1 0.87 0.5]
definecolor HOL [0.5 0.5 0.9]
definecolor HOLlight [0.75 0.75 0.95]
definecolor POL [1 0.75 0.75]
definecolor POLlight [1 0.87 0.87]
definecolor POR [0.75 0.95 0.5]
definecolor PORlight [0.87 0.97 0.75]
definecolor PRU [0.75 0.75 0.75]
definecolor PRUlight [0.87 0.87 0.87]
definecolor RUS [0.55 0.27 0.07]
definecolor RUSlight [0.77 0.40 0.1]
definecolor SUE [0.7 0.85 0.90]
definecolor SUElight [0.85 0.92 0.95]
definecolor TUR [0 0.6 0]
definecolor TURlight [0.5 0.9 0.5]
definecolor VEN [0.75 0 0]
definecolor VENlight [0.87 0.5 0.5]

####   Religious area
R Reg-Catholics: 
R Reg-Protestants: 
# Mixed is for province being either catholic or protestant (eg FRA)
R Reg-Mixed: 
R Reg-Orthodoxes: 
R Reg-Sunni muslim: 
R Reg-Shi'a muslim: 
# Other is ROTW-only
R Reg-Other religion: 
+ Map: 
++ Seas: clearwater
+++ Atlantic: 
==== Norvege: 
==== Western Approaches: 
==== Irlande:
==== Man: 
==== Manche: 
==== Nord: 
++++ Baltic: 
===== Oresund: 
===== Baltique: 
===== Botnie: 
==== Cadix: 
==== Gascogne: 
=== Caspienne: 
+++ Mediterrannee: 
++++ Noire: 
===== Noire W: 
===== Noire E: 
===== Marmara: 
==== Egee: 
==== Mediterranee E: 
==== Ionienne: 
==== Thyrrenienne: 
==== Mediterranee W: 
==== Lion: 
==== Adriatique: 
++ British Isles: ANG
+++ Ireland:
==== Ulster: 
==== Connaught: 
==== Brega: 
==== Leinster: 
==== Munster: 
+++ Scotland: ANGlight
==== Highlands: 
==== Moray: 
==== Alba: 
==== Ayr: 
==== Lothian: 
==== Galloway: 
+++ England: 
==== Durham: 
==== Cumberland: 
==== Lancashire: 
==== Yorkshire: 
==== Lincolnshire: 
==== Midlands: 
==== Wales: 
==== Gloucester: 
==== Cornwall: 
==== Wessex: 
==== Kent: 
==== East Anglia: 
++ Scandinavia: 
+++ Danemark: 
==== Slesvig: 
==== Jylland: 
==== Sjaelland: 
+++ Norway: 
==== Trondelag: 
==== Vestfold: 
==== Ostlandet: 
+++ Sweden: SUE
==== Jamtland: 
==== Bergslagen: 
==== Gastrikland: 
==== Sveland: 
==== Vastergotland: white
==== Smaland: 
==== Skane: white
==== Gotland: white
+++ Finlande: SUE
# Finland is the province, Finlande the whole country
==== Finland: 
==== Nyland: 
==== Savonia: 
==== Karelia: 
++ Under populated countries: 
+++ Russia: RUS
==== Neva: 
==== Onega: 
==== Ladoga: 
==== Yaroslav: 
==== Novgorod: 
==== Vyatka: 
==== Moskva: 
==== Kaluga: 
++++ Russian principalties: white
===== Ryazan: 
===== Pskov: 
+++ Khanates: 
++++ Khanate of Kazan: RUSlight
===== Bolgars: 
===== Tatarstan: 
===== Kazan: 
===== Samara: 
===== Mordoviya: 
===== Cheboksary: 
++++ Golden horde: 
===== Ural: 
===== Bashkiria: 
===== Step: 
++++ Khanate of Astrakhan: 
===== Astrakhan: 
===== Terek: 
++++ Don cossaks: 
===== Dikoe Pole: 
===== Don: 
===== Donetsk: 
++++ Khanate of Crimea: RUSlight
===== Azov: 
===== Zaporozhye: 
===== Odessa: 
===== Crimee: 
===== Caffa: 
===== Kuban: 
++++ Cossaks of Ukraine: POL
===== Poltava: 
===== Ukrainya: 
===== Podolie: 
++ Central Europe: 
+++ Poland-Lithuania: POL
++++ Poland: 
===== Mazowia: POLlight
===== Lublin: 
===== Wolyn: 
===== Malopolska: 
===== Wielkopolska: 
===== West Preussen: 
===== Danzig: 
++++ Lithuania: 
===== Prypec: 
===== Smolensk: 
===== Polotsk: 
===== Zemaitija: 
===== Lietuva: 
===== Baltarusija: 
===== Severia: 
+++ Moldavie: TURlight
==== Moldova: 
==== Basarabia: 
=== Valahia: TURlight
+++ Balkans: 
==== Alabania: TUR
==== Hellas: TUR
==== Moreas: TUR
==== Montenegro: VEN
==== Dalmacija: VEN
==== Istria: VEN
==== Bosna: 
==== Serbia: 
+++ Hungary: POLlight
++++ Transylvania: 
===== Marosz: 
===== Erdely: 
==== Kapela: 
==== Carniola: 
==== Croatie: 
==== Banat: 
==== Bukovina: 
==== Karpatok: 
==== Magyarorzag: 
==== Pecs: 
==== Balaton: 
==== Slovakia: 
++ Turkey, Persia, Mamelouks: 
=== Georgie: 
+++ Persia: HOLlight
++++ Persia core: HOL
===== Meshhed: 
===== Bam: 
===== Isfahan: 
===== Pars: 
==== Kermanshah: 
==== Dagestan: 
==== Azarbayadjan: 
==== Sirvan: 
==== Armenie: 
==== Van: 
==== Kordistan: 
+++ Mesopotamia: 
==== Tigre: 
==== Irak: 
==== Bassorah: 
+++ Arabia: 
==== Nefud: 
==== Arabie: 
==== Jordanie: 
+++ Mamelouks: PRU
++++ Sultanate of Syria: PRUlight
===== Terra Sancta: 
===== Syrie: 
===== Liban: 
===== Alep: 
++++ Sultanate of Egypt: 
===== Sinai: 
===== Delta: 
===== Egypte: 
===== Nubie: 
===== Cataractes: 
===== Nil: 
===== Tobruk: 
+++ Turkey: TUR
==== Kilikya: 
==== Anatolia: 
==== Trabzon: 
==== Synop: 
==== Angora: 
==== Konya: 
==== Antalya: 
==== Izmir: 
==== Bursa: 
==== Kocaeli: 
==== Dardanelles: 
==== Trakya: 
==== Rumeli: 
==== Bulgaristan: 
==== Kosovo: 
==== Makedonia: 
++ Eastern mediterranean islands: VEN
=== Corfou: 
=== Cyclades: 
=== Rhodes: HISlight
=== Crete: 
=== Chypre: 
++ Africa: 
=== Cyrenaique: 
=== Tripolitaine: 
+++ Tunisia: 
==== Tunisie: 
==== Tunis: 
+++ Al Djazair: 
==== Aures: 
==== Annabah: 
==== Algerie: 
==== Oran: 
==== Kabylie: 
==== Atlas: 
+++ Morocco: 
==== SidiIfni: 
==== JebelTubkal: 
==== Magrib: 
==== Rif: 
==== Tanger: POR
++ Iberic peninsula and spanish isles: 
+++ Spain: HIS
# See also France for Roussillon
==== Galiza: 
==== Huelva: 
==== Extremadura: 
==== Caceres: 
==== Salamanca: 
==== Leon: 
==== Asturias: 
==== Castillavieja: 
==== Toledo: 
==== La Mancha: 
==== Cordoba: 
==== Andalucia: 
==== Gibraltar: 
==== Granada: 
==== Murcia: 
==== Valencia: 
==== Castillanueva: 
==== Aragon: 
==== Vizcaya: 
==== Navarra: 
==== Pirineos: 
==== Catalunya: 
++++ Spanish islands: 
===== Malte: 
===== Baleares: 
+++ Portugal: POR
==== Trasosmontes: 
==== Beira: 
==== Tejo: 
==== Alentejo: 
==== Algarve: 
++ Italy: 
# Including Switzeland and Bresse (as part of Sabaudia).
+++ Venice: VEN
# See also Balkans and Eastern Med. Islands.
==== Veneto: 
==== Mantova: 
==== Friuli: 
+++ Papacy: HISlight
==== Lazio: 
==== Umbria: 
==== Marche: 
==== Romagna: 
+++ Kingdom of Napoli: HISlight
==== Sardegna: HIS
++++ Sicile: HIS
===== Palermo: 
===== Sicilia: 
==== Calabre: 
==== Basilicata: 
==== Puglia: 
==== Campania: 
==== Abruzzo: 
+++ Toscanne: 
==== Siena: 
==== Toscana: 
=== Lucca: 
+++ Genoa: HISlight
==== Liguria: 
==== Corsica: 
+++ Kingdom of Savoie: FRAlight
==== Nice: 
==== Savoie: 
==== Bresse: 
=== Monferrat: 
+++ Habsbourg area: AUS
==== Lombardia: 
==== Trentino: VEN
=== Parma: 
=== Modena: 
+++ Switzerland: 
==== Grisons: 
==== Suisse: 
++ HRE: AUSlight
# Includes Baltic countries (for Teutonic orders)
+++ Teutonic orders: 
==== Estie: white
++++ Courlande: white
===== Livonija: 
===== Kurland: 
++++ Duchy of Prussia: 
# See also Brandenburg for Altmark.
===== Memel: white
===== Prusse: white
===== Ost Pommern: 
==== West Pommern: 
+++ Austria: AUS
==== Slovenija: 
==== Osterreich: 
==== Steiermark: 
==== Karnten: 
==== Salzburg: 
==== Tirol: 
+++ Bohemia: POLlight
==== Lausitz: 
==== Silesie: 
==== Morava: 
==== Cechy: 
+++ Brandenburgum: 
==== Neumark: 
==== Brandenburg: 
==== Altmark: 
=== Baden: 
+++ Wirtenberga: 
==== Schwaben: 
==== Wurtemberg: 
+++ Bavaria: 
==== Bayern: 
+++ Palatinatus: 
==== Pfaltz: 
==== OberPfaltz: 
+++ Saxonia: 
==== Sachsen: 
==== Anhalt: 
+++ Hansa: 
==== Mecklenburg: 
==== Lubeck: 
==== Holstein: 
==== Bremen: 
+++ Hannovere: 
==== Hannover: 
==== Osnabruck: 
=== Braunschweig: 
+++ Turingia: 
==== Thuringen: 
==== Franken: 
=== Mainz: 
+++ Lotharingia: 
==== Alsace: 
==== Lorraine: 
=== trier: 
=== Koln: 
=== Berg: 
+++ Hassia: 
==== Nassau: 
==== Hessen: 
+++ Wesfallia: 
==== Munster: 
==== Oldenburg: 
++ Burgundian legacy: HISlight
+++ Netherlands: HOL
==== Friesland: 
==== Overijssel: 
==== Gelderland: 
==== Holland: 
==== Utrecht: 
==== Zeeland: 
=== Liege: 
+++ Belgium: 
==== Limbourg: 
==== Brabant: 
==== Luxembourg: 
==== Hainaut: 
==== Vlaanderen: 
==== Flandre: 
==== Artois: 
=== Franche Comte: 
++ France: FRA
# Includes Calais and Roussillon
# See also Italy (Savoie) for Bresse and Burgundian legacy for
# Franche-Comté and Belgium (Flandre, Artois, ...)
=== Calais: ANG
=== Roussillon:	HIS 
=== Auvergne: 
=== Limousin: 
=== Vendee: 
+++ Hugenotis: 
==== Caux: 
==== Dauphine: 
==== Languedoc: 
==== Bearn: 
==== Guyenne: 
==== Quercy: 
==== Cevennes: 
==== Touraine: 
==== Poitou: 
+++ Sancta Lega: 
==== Picardie: 
==== Champagne: 
==== Ile-de-France: 
==== Normandie: 
==== Armor: 
==== Finistere: 
==== Morbihan: 
==== Maine: 
==== Orleanais: 
==== Troyes: 
==== Bourgogne: 
==== Lyonnais: 
==== Provence: 
==== Berry: 
